ААААААААААААААААААААА
АПЛОДИСМЕНТЫ
ВЕСЕЛАЯ МУЗЫКА
ВЗРЫВ
ВЫСТРЕЛЫ
ГОРОДСКОЙ ГУДОК
ГОРОДСКОЙ ШУМ
ГРУСТНАЯ МЕЛОДИЯ
ГУДОК АВТОМОБИЛЯ
ГУДОК ПОЕЗДА
ДИНАМИЧНАЯ МУЗЫКА
Девушки отдыхают...
ЗВОНОК В ДВЕРЬ
ИНТРИГУЮЩАЯ МУЗЫКА
КАШЕЛЬ
ЛАЙ СОБАК
ЛАЙ СОБАКИ
ЛИРИЧЕСКАЯ МУЗЫКА
МУЗЫКАЛЬНАЯ ЗАСТАВКА
НАПРЯЖЕННАЯ МУЗЫКА
ПЕРЕСТРЕЛКА
ПЕС ЛАЕТ
ПЕСНЯ
ПЕЧАЛЬНАЯ МУЗЫКА
ПЛЕСК ВОДЫ
ПО ГРОМКОГОВОРИТЕЛЮ
ПО ГРОМКОГОВОРИЧЕСКОМ ЯЗЫКЕ
ПО ТВ.
ПОДПИШИСЬ
ПОДПИШИСЬ НА КАНАЛ
ПОДПИШИСЬ!
ПОЛИЦЕЙСКАЯ СИРЕНА
ПОЛИЦИЯ
Поехали!
Поехали.
Продолжение следует...
РЁВ МОТОРА
Редактор субтитров А.Захарова Корректор А.Егорова
Редактор субтитров А.Семкин Корректор А.Егорова
Редактор субтитров А.Синецкая Корректор А.Егорова
Редактор субтитров Е.Жукова Корректор А.Егорова
Редактор субтитров М.Лосева Корректор А.Егорова
Редактор субтитров Т.Горелова Корректор А.Егорова
СИГНАЛ АВТОМОБИЛЯ
СИГНАЛ МАШИНЫ
СМЕХ
СПОКОЙНАЯ МУЗЫКА
СТУК В ДВЕРЬ
Смотрите продолжение в 4 части видео.
Смотрите продолжение в следующей серии...
Смотрите продолжение в следующей части видео.
Смотрите продолжение в следующей части.
Смотрите продолжение во второй части видео.
Смотрите продолжение во второй части.
Спасибо за субтитры!
Субтитры добавил DimaTorzok
Субтитры подогнал «Симон»!
Субтитры создавал DimaTorzok
ТАИНСТВЕННАЯ МУЗЫКА
ТОРЖЕСТВЕННАЯ МУЗЫКА
ТРЕВОЖНАЯ МУЗЫКА
ШУМ ДВИГАТЕЛЯ
ШУМ ДОЖДЯ
ШУМ МОТОРА
💥
😎
🤔
🤨
🦜
